
> visa-manager@0.1.0 build
> next build

笆ｲ Next.js 16.2.0 (Turbopack)
- Environments: .env.local

笞 The "middleware" file convention is deprecated. Please use "proxy" instead. Learn more: https://nextjs.org/docs/messages/middleware-to-proxy
  Creating an optimized production build ...
Turbopack build encountered 1 warnings:
./src/utils/generateConsentPdf.ts:32:29
Module not found: Can't resolve 'jspdf'
  30 |     }
  31 |
> 32 |     const { jsPDF } = await import('jspdf');
     |                             ^^^^^^^^^^^^^^^
  33 |
  34 |     const pdf = new jsPDF({
  35 |       orientation: 'portrait',



Import traces:
  Client Component Browser:
    ./src/utils/generateConsentPdf.ts [Client Component Browser]
    ./src/components/ConsentPdfButton.tsx [Client Component Browser]
    ./src/components/ForeignerDetail.tsx [Client Component Browser]
    ./src/components/DashboardClient.tsx [Client Component Browser]
    ./src/components/DashboardClient.tsx [Server Component]
    ./src/app/page.tsx [Server Component]

  Client Component SSR:
    ./src/utils/generateConsentPdf.ts [Client Component SSR]
    ./src/components/ConsentPdfButton.tsx [Client Component SSR]
    ./src/components/ForeignerDetail.tsx [Client Component SSR]
    ./src/components/DashboardClient.tsx [Client Component SSR]
    ./src/components/DashboardClient.tsx [Server Component]
    ./src/app/page.tsx [Server Component]

https://nextjs.org/docs/messages/module-not-found



> Build error occurred
Error: Turbopack build failed with 3 errors:
./src/utils/imageCompression.ts:8:1
Module not found: Can't resolve 'browser-image-compression'
   6 |  */
   7 |
>  8 | import imageCompression from 'browser-image-compression';
     | ^^^^^^^^^^^^^^^^^^^^^^^^^^^^^^^^^^^^^^^^^^^^^^^^^^^^^^^^^
   9 |
  10 | /**
  11 |  * 鬘泌・逵溽畑蝨ｧ邵ｮ



Import traces:
  Client Component Browser:
    ./src/utils/imageCompression.ts [Client Component Browser]
    ./src/components/client/PhotoUploadZone.tsx [Client Component Browser]
    ./src/components/foreigner/ForeignerEntryForm.tsx [Client Component Browser]
    ./src/components/foreigner/ForeignerEntryForm.tsx [Server Component]
    ./src/app/foreigner/entry/[token]/page.tsx [Server Component]

  Client Component SSR:
    ./src/utils/imageCompression.ts [Client Component SSR]
    ./src/components/client/PhotoUploadZone.tsx [Client Component SSR]
    ./src/components/foreigner/ForeignerEntryForm.tsx [Client Component SSR]
    ./src/components/foreigner/ForeignerEntryForm.tsx [Server Component]
    ./src/app/foreigner/entry/[token]/page.tsx [Server Component]

https://nextjs.org/docs/messages/module-not-found


./src/utils/imageCompression.ts:89:27
Module not found: Can't resolve 'jspdf'
  87 |
  88 |   // 逕ｻ蜒・竊・PDF螟画鋤 (jsPDF)
> 89 |   const { jsPDF } = await import('jspdf');
     |                           ^^^^^^^^^^^^^^^
  90 |
  91 |   // 逕ｻ蜒上ｒ繝ｭ繝ｼ繝峨＠縺ｦ繧ｵ繧､繧ｺ繧貞叙蠕・[0m
  92 |   const imgUrl = URL.createObjectURL(imageFile);



Import traces:
  Client Component Browser:
    ./src/utils/imageCompression.ts [Client Component Browser]
    ./src/components/client/PhotoUploadZone.tsx [Client Component Browser]
    ./src/components/foreigner/ForeignerEntryForm.tsx [Client Component Browser]
    ./src/components/foreigner/ForeignerEntryForm.tsx [Server Component]
    ./src/app/foreigner/entry/[token]/page.tsx [Server Component]

  Client Component SSR:
    ./src/utils/imageCompression.ts [Client Component SSR]
    ./src/components/client/PhotoUploadZone.tsx [Client Component SSR]
    ./src/components/foreigner/ForeignerEntryForm.tsx [Client Component SSR]
    ./src/components/foreigner/ForeignerEntryForm.tsx [Server Component]
    ./src/app/foreigner/entry/[token]/page.tsx [Server Component]

https://nextjs.org/docs/messages/module-not-found


./src/lib/resend.ts:1:1
Module not found: Can't resolve 'resend'
> 1 | import { Resend } from 'resend';
    | ^^^^^^^^^^^^^^^^^^^^^^^^^^^^^^^^
  2 |
  3 | const resendApiKey = process.env.RESEND_API_KEY;
  4 |



Import traces:
  Server Component:
    ./src/lib/resend.ts
    ./src/services/emailService.ts
    ./src/services/foreignerService.ts
    ./src/app/actions/foreignerActions.ts

  Client Component Browser:
    ./src/lib/resend.ts [Client Component Browser]
    ./src/services/emailService.ts [Client Component Browser]
    ./src/services/foreignerService.ts [Client Component Browser]
    ./src/components/DashboardClient.tsx [Client Component Browser]
    ./src/components/DashboardClient.tsx [Server Component]
    ./src/app/page.tsx [Server Component]

  Client Component SSR:
    ./src/lib/resend.ts [Client Component SSR]
    ./src/services/emailService.ts [Client Component SSR]
    ./src/services/foreignerService.ts [Client Component SSR]
    ./src/components/DashboardClient.tsx [Client Component SSR]
    ./src/components/DashboardClient.tsx [Server Component]
    ./src/app/page.tsx [Server Component]

https://nextjs.org/docs/messages/module-not-found


    at <unknown> (./src/utils/imageCompression.ts:8:1)
    at <unknown> (https://nextjs.org/docs/messages/module-not-found)
    at <unknown> (./src/utils/imageCompression.ts:89:27)
    at <unknown> (https://nextjs.org/docs/messages/module-not-found)
    at <unknown> (./src/lib/resend.ts:1:1)
    at <unknown> (https://nextjs.org/docs/messages/module-not-found)
