src/components/forms/RenewalApplicationForm.tsx(333,50): error TS2345: Argument of type '{ foreignerInfo: { nationality: string; birthDate: string; nameEn: string; gender: "male" | "female"; maritalStatus: "married" | "unmarried"; occupation: string; homeCountryAddress: string; ... 50 more ...; freeFormat?: string | undefined; }; employerInfo: { ...; }; simultaneousApplication?: { ...; } | undefined; as...' is not assignable to parameter of type '{ nationality: string; birthDate: string; nameEn: string; gender: "male" | "female"; maritalStatus: "married" | "unmarried"; occupation: string; homeCountryAddress: string; japanZipCode: string; ... 49 more ...; freeFormat?: string | undefined; }'.
  Type '{ foreignerInfo: { nationality: string; birthDate: string; nameEn: string; gender: "male" | "female"; maritalStatus: "married" | "unmarried"; occupation: string; homeCountryAddress: string; ... 50 more ...; freeFormat?: string | undefined; }; employerInfo: { ...; }; simultaneousApplication?: { ...; } | undefined; as...' is missing the following properties from type '{ nationality: string; birthDate: string; nameEn: string; gender: "male" | "female"; maritalStatus: "married" | "unmarried"; occupation: string; homeCountryAddress: string; japanZipCode: string; ... 49 more ...; freeFormat?: string | undefined; }': nationality, birthDate, nameEn, gender, and 28 more.
